// Jest Snapshot v1, https://goo.gl/fbAQLP

exports[`App Component Renders the App Component 1`] = `
preact-render-spy (1 nodes)
-------
<div>
  <nav>
    <ul>
      <li>
        <UnnamedComponent0 href="/">Home</UnnamedComponent0>
      </li>
      <li>
        <UnnamedComponent0 href="/wiki/Charles">Wikipedia: Charles</UnnamedComponent0>
      </li>
      <li>
        <UnnamedComponent0 href="/github/charlier">Github: charlier</UnnamedComponent0>
      </li>
      <li>
        <UnnamedComponent0 href="/about">About</UnnamedComponent0>
      </li>
    </ul>
  </nav>
  <section></section>
  <footer>
    Site scripting by Charles A Rogers. Copyright © 2002-18.
    <br />
    Any resemblance between users and real persons living or dead is purely coincidental.
    <br />
    Do not fold or bend.
  </footer>
</div>

`;
